// Jest Snapshot v1, https://goo.gl/fbAQLP

exports[`TorchOCRTaskScheduler.ts Intergration test 1`] = `
Array [
  SubtitleInfo {
    "endFrame": 41,
    "startFrame": 2,
    "texts": Array [
      "我是神野惠",
      "我是神野惠",
      "我是神野惠",
      "我是神野惠",
      "我是神野惠",
      "我是神野惠",
    ],
  },
  SubtitleInfo {
    "endFrame": 101,
    "startFrame": 6,
    "texts": Array [
      "是和泉纱雾的同班同学",
      "是和泉纱雾的同班同学",
      "是和泉纱雾的同班同学",
      "是和泉纱雾的同班同学",
      "是和泉纱雾的同班同学",
      "是和泉纱雾的同班同学",
      "是和泉纱雾的同班同学",
      "是和泉纱雾的同班同学",
      "是和泉纱雾的同班同学",
      "是和泉纱雾的同班同学",
    ],
  },
  SubtitleInfo {
    "endFrame": 161,
    "startFrame": 16,
    "texts": Array [
      "你为什么要b她进我们家啊",
      "你为什么要b她进我们家啊",
      "你为什么要b她进我们家啊",
      "你为什么要b她进我家啊",
      "你为什么要b她进我家啊",
      "你为什么要b她进我家啊",
      "你为什么要凶她进我1家啊",
      "你为什么要凶她进我1家啊",
      "你为什么要凶她进我1家啊",
      "你为什么要凶她进我1家啊",
    ],
  },
  SubtitleInfo {
    "endFrame": 261,
    "startFrame": 26,
    "texts": Array [
      "跟我差不多岁数的女孩子都最喜欢鸡了",
      "跟我差不多岁数 的女孩子都最喜欢鸡鸡了",
      "跟我差不多岁数 的女孩子都最喜欢鸡鸡了",
      "跟我差不多岁数 的女孩子都最喜欢鸡鸡了",
      "跟我差不多岁数的女孩子都最喜欢鸡鸡了",
      "跟我差不多岁数的女孩子都最喜欢鸡鸡了",
      "跟我差不多岁数的女孩子都最喜欢鸡鸡了",
      "跟我差不多岁数的女孩子都最喜欢鸡鸡了",
      "跟我差不多岁数的女孩子都最喜欢鸡鸡了",
      "跟我差不多岁数的女孩子都最喜欢鸡鸡了",
      "跟我差不多岁数的女孩子都最喜欢鸡鸡了",
      "跟我差不多岁数的女孩子都最喜欢鸡鸡了",
      "跟我差不多岁数的女孩子都最喜欢鸡鸡了",
      "跟我差不多岁数的女孩子都最喜欢鸡鸡了",
      "跟我差不多岁数的女孩子都最喜欢鸡鸡了",
      "跟我差不多岁数的女孩子都最喜欢鸡鸡了",
      "跟我差不多岁数的女孩子都最喜欢鸡鸡了",
      "跟我差不多岁数的女孩子都最喜欢鸡鸡了",
      "跟我差不多岁数的女孩子都最喜欢鸡鸡了",
    ],
  },
  SubtitleInfo {
    "endFrame": 301,
    "startFrame": 45,
    "texts": Array [
      "最…最喜欢？",
      "最…最喜欢？",
      "最…最喜欢？",
      "最…最喜欢？",
    ],
  },
  SubtitleInfo {
    "endFrame": 321,
    "startFrame": 49,
    "texts": Array [
      "名字m「把小和泉从房间里拖出来lJ同盟",
      "名字m「把小和泉从房间里拖出来lJ同盟",
      "名字m「把小和泉从房间里拖出来lJ同盟",
      "名字m「把小和泉从房间里拖出来lJ同盟",
    ],
  },
  SubtitleInfo {
    "endFrame": 323,
    "startFrame": 53,
    "texts": Array [
      "名字 把xk和最从房里抽出汝！」同盟",
      "名字 把xk和最从房里抽出汝！」同盟",
    ],
  },
  SubtitleInfo {
    "endFrame": 343,
    "startFrame": 55,
    "texts": Array [
      "名字m「把小和泉从房间里拖出来lJ同盟",
      "名字m「把小和泉从房间里拖出来lJ同盟",
      "名字m「把小和泉从房间里拖出来lJ同盟",
      "名字m「把小和泉从房间里拖出来lJ同盟",
    ],
  },
  SubtitleInfo {
    "endFrame": 344,
    "startFrame": 59,
    "texts": Array [
      "名字 把xk和最从房里抽出汝！」同盟",
    ],
  },
  SubtitleInfo {
    "endFrame": 361,
    "startFrame": 60,
    "texts": Array [
      "名字m「把小和泉从房间里拖出来lJ同盟",
    ],
  },
  SubtitleInfo {
    "endFrame": 381,
    "startFrame": 61,
    "texts": Array [
      "名字就叫「把小和泉从房间里拖出求！」同盟",
      "名字就叫「把k小和泉从房间里拖出来！」同盟",
      "名字就叫「把小和泉从房间里拖出来！」同盟",
      "名字就叫「把小和泉从房间里拖出来l！」同盟",
    ],
  },
  SubtitleInfo {
    "endFrame": 404,
    "startFrame": 65,
    "texts": Array [
      "不出去 不出去",
      "不出去 不出去",
      "不出去 不出去",
      "不出去 不出去",
      "不出去 不出去",
      "不出去 不出去",
      "不出去 不出去",
    ],
  },
  SubtitleInfo {
    "endFrame": 442,
    "startFrame": 72,
    "texts": Array [
      "我说不出去就是不出去",
      "我说不出去就是不出去",
      "我说不出去就是不出去",
      "我说不出去就是不出去",
      "我说不出去就是不出去",
    ],
  },
  SubtitleInfo {
    "endFrame": 541,
    "startFrame": 77,
    "texts": Array [
      "哥哥想凶妹妹变成什么样？",
      "哥哥想凶妹妹变成什么样？",
      "哥哥想凶妹妹变成什么样？",
      "哥哥想tb妹妹变成什么样？",
      "哥哥想tb妹妹变成什么样？",
      "哥哥想tb妹妹变成什么样？",
      "哥哥想凶妹妹变成什么样？",
      "哥哥想凶妹妹变成什么样？",
      "哥哥想凶妹妹变成什么样？",
      "哥哥想凶妹妹变成什么样？",
      "哥哥想凶妹妹变成什么样？",
      "哥哥想凶妹妹变成什么样？",
      "哥哥想凶妹妹变成什么样？",
      "哥哥想凶妹妹变成什么样？",
      "哥哥想凶妹妹变成什么样？",
    ],
  },
  SubtitleInfo {
    "endFrame": 581,
    "startFrame": 92,
    "texts": Array [
      "和泉政宗?？",
      "和泉政宗?？",
      "和泉政宗?？",
      "和泉政宗?？",
      "和泉政宗？",
    ],
  },
  SubtitleInfo {
    "endFrame": 641,
    "startFrame": 97,
    "texts": Array [
      "居然是如此年轻的女孩子？",
      "居然是如此年轻的女孩子？",
      "居然是如此年轻的女孩子？",
      "居然是如此年轻的女孩？",
      "居然是如此年轻的女孩子？",
      "居然是如此年轻的女孩子？",
      "居然是如此年轻的女孩子？",
      "居然是如此年轻的女孩子？",
    ],
  },
  SubtitleInfo {
    "endFrame": 741,
    "startFrame": 105,
    "texts": Array [
      "我的下一个作品要请情色漫画老师来担任插画师",
      "我的下一个作品要请情色漫画老师来担任插画师",
      "我的下一个作品要请情色漫画老师来担任插画师",
      "我的下一个作品要请情色漫画老师来担任插画师",
      "我的下一个作品要请情色漫画老师来担任插画师",
      "我的下一个作品要请情色漫画老师来担任插画师",
      "我的下一个作品要请情色漫画老师来担任插画师",
      "我的下一个作品要请情色漫画老师来担任插画师",
      "我的下一个作品要请情色漫画老师来担任插画师",
      "我的下一个作品要请情色漫画老师来担任插画师",
      "我的下一个作品要请情色漫画老师来担任插画师",
      "我的下一个作品要请情色漫画老师来担任插画师",
      "我的下一个作品要请情色漫画老师来担任插画师",
      "我的下一个作品要请情色漫画老师来担任插画师",
      "我的下一个作品要请情色漫画老师来担任插画师",
      "我的下一个作品要请情色漫画老师来担任插画师",
    ],
  },
  SubtitleInfo {
    "endFrame": 824,
    "startFrame": 121,
    "texts": Array [
      "？ 乃…与  人 t",
      "？ 乃…与  人 t",
      "？ 乃…与  人 t",
      "？ 乃…与  人 t",
      "耻 …与  人 t:",
      "耻 …与  人 t:",
      "耻 …与  人 t:",
      "耻 …与  人 t:",
      "耻 …与  人 t:",
      "耻 …与  人 t:",
      "耻 …与  人 t:",
      "耻 …与  人 t:",
      "？ 乃…与  人 t",
      "？ 乃…与  人 t",
      "？ 乃…与  人 t",
      "？ 乃…与  人 t",
      "？ 乃…与  人 t",
      "？ 乃…与  人 t",
      "？ 乃…与  人 t",
      "？ 乃…与  人 t",
    ],
  },
]
`;
